// Jest Snapshot v1, https://goo.gl/fbAQLP

exports[`Header renders correctly 1`] = `
<div
  className="is-white-bg"
>
  <div
    className="is-black container-small text-align-center pad-10-t pad-5-b pad-3-lr"
  >
    <img
      className="logo-small fade-in-bottom"
      src="test-file-stub"
    />
    <h1
      className="margin-0  Saira font-weight-normal fade-in-bottom"
    >
      OpenSourceAnd.Me
    </h1>
  </div>
</div>
`;
